// Jest Snapshot v1, https://goo.gl/fbAQLP

exports[`App should render the component 1`] = `
<div
  className="App"
>
  <Header />
  <Reservation
    reservationList={Array []}
  />
</div>
`;
